DRG_90_00000000712415.csv
store_id,upc_code,item_name,date,amount,quantity,unit_price,category,size,msu
90,00000000712415,SOUR BAGUETTE,2015-08-01,68.15,29.0,2.35,,,1
90,00000000712415,SOUR BAGUETTE,2015-08-02,54.05,23.0,2.35,,,1
90,00000000712415,SOUR BAGUETTE,2015-08-03,39.95,17.0,2.35,,,1
90,00000000712415,SOUR BAGUETTE,2015-08-04,25.85,11.0,2.35,,,1
90,00000000712415,SOUR BAGUETTE,2015-08-05,39.95,17.0,2.35,,,1
90,00000000712415,SOUR BAGUETTE,2015-08-06,28.2,12.0,2.35,,,1
90,00000000712415,SOUR BAGUETTE,2015-08-07,42.3,18.0,2.35,,,1
90,00000000712415,SOUR BAGUETTE,2015-08-08,39.95,17.0,2.35,,,1
90,00000000712415,SOUR BAGUETTE,2015-08-09,47.0,20.0,2.35,,,1
90,00000000712415,SOUR BAGUETTE,2015-08-10,58.75,25.0,2.35,,,1
90,00000000712415,SOUR BAGUETTE,2015-08-11,47.0,20.0,2.35,,,1
90,00000000712415,SOUR BAGUETTE,2015-08-12,32.9,14.0,2.35,,,1
90,00000000712415,SOUR BAGUETTE,2015-08-13,42.3,18.0,2.35,,,1
90,00000000712415,SOUR BAGUETTE,2015-08-14,58.75,25.0,2.35,,,1
90,00000000712415,SOUR BAGUETTE,2015-08-15,61.1,26.0,2.35,,,1
90,00000000712415,SOUR BAGUETTE,2015-08-16,63.45,27.0,2.35,,,1
90,00000000712415,SOUR BAGUETTE,2015-08-17,28.2,12.0,2.35,,,1
90,00000000712415,SOUR BAGUETTE,2015-08-18,30.55,13.0,2.35,,,1
90,00000000712415,SOUR BAGUETTE,2015-08-19,37.6,16.0,2.35,,,1
90,00000000712415,SOUR BAGUETTE,2015-08-20,28.2,12.0,2.35,,,1
90,00000000712415,SOUR BAGUETTE,2015-08-21,65.8,28.0,2.35,,,1
90,00000000712415,SOUR BAGUETTE,2015-08-22,39.95,17.0,2.35,,,1
90,00000000712415,SOUR BAGUETTE,2015-08-23,23.5,10.0,2.35,,,1
90,00000000712415,SOUR BAGUETTE,2015-08-24,58.75,25.0,2.35,,,1
90,00000000712415,SOUR BAGUETTE,2015-08-25,51.7,22.0,2.35,,,1
90,00000000712415,SOUR BAGUETTE,2015-08-26,35.25,15.0,2.35,,,1
90,00000000712415,SOUR BAGUETTE,2015-08-27,25.85,11.0,2.35,,,1
90,00000000712415,SOUR BAGUETTE,2015-08-28,47.0,20.0,2.35,,,1
90,00000000712415,SOUR BAGUETTE,2015-08-29,44.65,19.0,2.35,,,1
90,00000000712415,SOUR BAGUETTE,2015-08-30,63.45,27.0,2.35,,,1
90,00000000712415,SOUR BAGUETTE,2015-08-31,37.6,16.0,2.35,,,1
90,00000000712415,SOUR BAGUETTE,2015-09-01,44.65,19.0,2.35,,,1
90,00000000712415,SOUR BAGUETTE,2015-09-02,49.35,21.0,2.35,,,1
90,00000000712415,SOUR BAGUETTE,2015-09-03,42.3,18.0,2.35,,,1
90,00000000712415,SOUR BAGUETTE,2015-09-04,47.0,20.0,2.35,,,1
90,00000000712415,SOUR BAGUETTE,2015-09-05,51.7,22.0,2.35,,,1
90,00000000712415,SOUR BAGUETTE,2015-09-06,68.15,29.0,2.35,,,1
90,00000000712415,SOUR BAGUETTE,2015-09-07,54.05,23.0,2.35,,,1
90,00000000712415,SOUR BAGUETTE,2015-09-08,61.1,26.0,2.35,,,1
90,00000000712415,SOUR BAGUETTE,2015-09-09,35.25,15.0,2.35,,,1
90,00000000712415,SOUR BAGUETTE,2015-09-10,21.15,9.0,2.35,,,1
90,00000000712415,SOUR BAGUETTE,2015-09-11,49.35,21.0,2.35,,,1
90,00000000712415,SOUR BAGUETTE,2015-09-12,51.7,22.0,2.35,,,1
90,00000000712415,SOUR BAGUETTE,2015-09-13,63.45,27.0,2.35,,,1
90,00000000712415,SOUR BAGUETTE,2015-09-14,56.4,24.0,2.35,,,1
90,00000000712415,SOUR BAGUETTE,2015-09-15,28.2,12.0,2.35,,,1
90,00000000712415,SOUR BAGUETTE,2015-09-16,25.85,11.0,2.35,,,1
90,00000000712415,SOUR BAGUETTE,2015-09-17,30.55,13.0,2.35,,,1
90,00000000712415,SOUR BAGUETTE,2015-09-18,56.4,24.0,2.35,,,1
90,00000000712415,SOUR BAGUETTE,2015-09-19,61.1,26.0,2.35,,,1
90,00000000712415,SOUR BAGUETTE,2015-09-20,63.45,27.0,2.35,,,1
90,00000000712415,SOUR BAGUETTE,2015-09-21,51.7,22.0,2.35,,,1
90,00000000712415,SOUR BAGUETTE,2015-09-22,39.95,17.0,2.35,,,1
90,00000000712415,SOUR BAGUETTE,2015-09-23,32.9,14.0,2.35,,,1
90,00000000712415,SOUR BAGUETTE,2015-09-24,25.85,11.0,2.35,,,1
90,00000000712415,SOUR BAGUETTE,2015-09-25,56.4,24.0,2.35,,,1
90,00000000712415,SOUR BAGUETTE,2015-09-26,72.85,31.0,2.35,,,1
90,00000000712415,SOUR BAGUETTE,2015-09-27,61.1,26.0,2.35,,,1
90,00000000712415,SOUR BAGUETTE,2015-09-28,37.6,16.0,2.35,,,1
90,00000000712415,SOUR BAGUETTE,2015-09-29,54.05,23.0,2.35,,,1
90,00000000712415,SOUR BAGUETTE,2015-09-30,32.9,14.0,2.35,,,1
90,00000000712415,SOUR BAGUETTE,2015-10-01,35.25,15.0,2.35,,,1
90,00000000712415,SOUR BAGUETTE,2015-10-02,47.0,20.0,2.35,,,1
90,00000000712415,SOUR BAGUETTE,2015-10-03,54.05,23.0,2.35,,,1
90,00000000712415,SOUR BAGUETTE,2015-10-04,65.8,28.0,2.35,,,1
90,00000000712415,SOUR BAGUETTE,2015-10-05,35.25,15.0,2.35,,,1
90,00000000712415,SOUR BAGUETTE,2015-10-06,44.65,19.0,2.35,,,1
90,00000000712415,SOUR BAGUETTE,2015-10-07,30.55,13.0,2.35,,,1
90,00000000712415,SOUR BAGUETTE,2015-10-08,44.65,19.0,2.35,,,1
90,00000000712415,SOUR BAGUETTE,2015-10-09,61.1,26.0,2.35,,,1
90,00000000712415,SOUR BAGUETTE,2015-10-10,56.4,24.0,2.35,,,1
90,00000000712415,SOUR BAGUETTE,2015-10-11,63.45,27.0,2.35,,,1
90,00000000712415,SOUR BAGUETTE,2015-10-12,54.05,23.0,2.35,,,1
90,00000000712415,SOUR BAGUETTE,2015-10-13,32.9,14.0,2.35,,,1
90,00000000712415,SOUR BAGUETTE,2015-10-14,49.35,21.0,2.35,,,1
90,00000000712415,SOUR BAGUETTE,2015-10-15,44.65,19.0,2.35,,,1
90,00000000712415,SOUR BAGUETTE,2015-10-16,32.9,14.0,2.35,,,1
90,00000000712415,SOUR BAGUETTE,2015-10-17,56.4,24.0,2.35,,,1
90,00000000712415,SOUR BAGUETTE,2015-10-18,86.95,37.0,2.35,,,1
90,00000000712415,SOUR BAGUETTE,2015-10-19,51.7,22.0,2.35,,,1
90,00000000712415,SOUR BAGUETTE,2015-10-20,35.25,15.0,2.35,,,1
90,00000000712415,SOUR BAGUETTE,2015-10-21,65.8,28.0,2.35,,,1
90,00000000712415,SOUR BAGUETTE,2015-10-22,44.65,19.0,2.35,,,1
90,00000000712415,SOUR BAGUETTE,2015-10-23,37.6,16.0,2.35,,,1
90,00000000712415,SOUR BAGUETTE,2015-10-24,42.3,18.0,2.35,,,1
90,00000000712415,SOUR BAGUETTE,2015-10-25,63.45,27.0,2.35,,,1
90,00000000712415,SOUR BAGUETTE,2015-10-26,37.6,16.0,2.35,,,1
90,00000000712415,SOUR BAGUETTE,2015-10-27,56.4,24.0,2.35,,,1
90,00000000712415,SOUR BAGUETTE,2015-10-28,37.6,16.0,2.35,,,1
90,00000000712415,SOUR BAGUETTE,2015-10-29,37.6,16.0,2.35,,,1
90,00000000712415,SOUR BAGUETTE,2015-10-30,51.7,22.0,2.35,,,1
90,00000000712415,SOUR BAGUETTE,2015-10-31,72.85,31.0,2.35,,,1
90,00000000712415,SOUR BAGUETTE,2015-11-01,61.1,26.0,2.35,,,1
90,00000000712415,SOUR BAGUETTE,2015-11-02,51.7,22.0,2.35,,,1
90,00000000712415,SOUR BAGUETTE,2015-11-03,61.1,26.0,2.35,,,1
90,00000000712415,SOUR BAGUETTE,2015-11-04,35.25,15.0,2.35,,,1
90,00000000712415,SOUR BAGUETTE,2015-11-05,32.9,14.0,2.35,,,1
90,00000000712415,SOUR BAGUETTE,2015-11-06,63.45,27.0,2.35,,,1
90,00000000712415,SOUR BAGUETTE,2015-11-07,61.1,26.0,2.35,,,1
90,00000000712415,SOUR BAGUETTE,2015-11-08,65.8,28.0,2.35,,,1
90,00000000712415,SOUR BAGUETTE,2015-11-09,65.8,28.0,2.35,,,1
90,00000000712415,SOUR BAGUETTE,2015-11-10,54.05,23.0,2.35,,,1
90,00000000712415,SOUR BAGUETTE,2015-11-11,49.35,21.0,2.35,,,1
90,00000000712415,SOUR BAGUETTE,2015-11-12,56.4,24.0,2.35,,,1
90,00000000712415,SOUR BAGUETTE,2015-11-13,82.25,35.0,2.35,,,1
90,00000000712415,SOUR BAGUETTE,2015-11-14,54.05,23.0,2.35,,,1
90,00000000712415,SOUR BAGUETTE,2015-11-15,63.45,27.0,2.35,,,1
90,00000000712415,SOUR BAGUETTE,2015-11-16,54.05,23.0,2.35,,,1
90,00000000712415,SOUR BAGUETTE,2015-11-17,61.1,26.0,2.35,,,1
90,00000000712415,SOUR BAGUETTE,2015-11-18,51.7,22.0,2.35,,,1
90,00000000712415,SOUR BAGUETTE,2015-11-19,32.9,14.0,2.35,,,1
90,00000000712415,SOUR BAGUETTE,2015-11-20,54.05,23.0,2.35,,,1
90,00000000712415,SOUR BAGUETTE,2015-11-21,70.5,30.0,2.35,,,1
90,00000000712415,SOUR BAGUETTE,2015-11-22,51.7,22.0,2.35,,,1
90,00000000712415,SOUR BAGUETTE,2015-11-23,49.35,21.0,2.35,,,1
90,00000000712415,SOUR BAGUETTE,2015-11-24,68.15,29.0,2.35,,,1
90,00000000712415,SOUR BAGUETTE,2015-11-25,206.8,88.0,2.35,,,1
90,00000000712415,SOUR BAGUETTE,2015-11-27,70.5,30.0,2.35,,,1
90,00000000712415,SOUR BAGUETTE,2015-11-28,54.05,23.0,2.35,,,1
90,00000000712415,SOUR BAGUETTE,2015-11-29,39.95,17.0,2.35,,,1
90,00000000712415,SOUR BAGUETTE,2015-11-30,58.75,25.0,2.35,,,1
90,00000000712415,SOUR BAGUETTE,2015-12-01,70.5,30.0,2.35,,,1
90,00000000712415,SOUR BAGUETTE,2015-12-02,25.85,11.0,2.35,,,1
90,00000000712415,SOUR BAGUETTE,2015-12-03,77.55,33.0,2.35,,,1
90,00000000712415,SOUR BAGUETTE,2015-12-04,51.7,22.0,2.35,,,1
90,00000000712415,SOUR BAGUETTE,2015-12-05,61.1,26.0,2.35,,,1
90,00000000712415,SOUR BAGUETTE,2015-12-06,58.75,25.0,2.35,,,1
90,00000000712415,SOUR BAGUETTE,2015-12-07,54.05,23.0,2.35,,,1
90,00000000712415,SOUR BAGUETTE,2015-12-08,42.3,18.0,2.35,,,1
90,00000000712415,SOUR BAGUETTE,2015-12-09,42.3,18.0,2.35,,,1
90,00000000712415,SOUR BAGUETTE,2015-12-10,58.75,25.0,2.35,,,1
90,00000000712415,SOUR BAGUETTE,2015-12-11,49.35,21.0,2.35,,,1
90,00000000712415,SOUR BAGUETTE,2015-12-12,72.85,31.0,2.35,,,1
90,00000000712415,SOUR BAGUETTE,2015-12-13,58.75,25.0,2.35,,,1
90,00000000712415,SOUR BAGUETTE,2015-12-14,39.95,17.0,2.35,,,1
90,00000000712415,SOUR BAGUETTE,2015-12-15,44.65,19.0,2.35,,,1
90,00000000712415,SOUR BAGUETTE,2015-12-16,44.65,19.0,2.35,,,1
90,00000000712415,SOUR BAGUETTE,2015-12-17,49.35,21.0,2.35,,,1
90,00000000712415,SOUR BAGUETTE,2015-12-18,77.55,33.0,2.35,,,1
90,00000000712415,SOUR BAGUETTE,2015-12-19,11.75,5.0,2.35,,,1
90,00000000712415,SOUR BAGUETTE,2015-12-20,65.8,28.0,2.35,,,1
90,00000000712415,SOUR BAGUETTE,2015-12-21,37.6,16.0,2.35,,,1
90,00000000712415,SOUR BAGUETTE,2015-12-22,51.7,22.0,2.35,,,1
90,00000000712415,SOUR BAGUETTE,2015-12-23,117.5,50.0,2.35,,,1
90,00000000712415,SOUR BAGUETTE,2015-12-24,338.4,144.0,2.35,,,1
90,00000000712415,SOUR BAGUETTE,2015-12-26,70.5,30.0,2.35,,,1
90,00000000712415,SOUR BAGUETTE,2015-12-27,82.25,35.0,2.35,,,1
90,00000000712415,SOUR BAGUETTE,2015-12-28,54.05,23.0,2.35,,,1
90,00000000712415,SOUR BAGUETTE,2015-12-29,47.0,20.0,2.35,,,1
90,00000000712415,SOUR BAGUETTE,2015-12-30,70.5,30.0,2.35,,,1
90,00000000712415,SOUR BAGUETTE,2015-12-31,244.4,104.0,2.35,,,1
90,00000000712415,SOUR BAGUETTE,2016-01-02,86.95,37.0,2.35,,,1
90,00000000712415,SOUR BAGUETTE,2016-01-03,84.6,36.0,2.35,,,1
90,00000000712415,SOUR BAGUETTE,2016-01-04,47.0,20.0,2.35,,,1
90,00000000712415,SOUR BAGUETTE,2016-01-05,42.3,18.0,2.35,,,1
90,00000000712415,SOUR BAGUETTE,2016-01-06,75.2,32.0,2.35,,,1
90,00000000712415,SOUR BAGUETTE,2016-01-07,65.8,28.0,2.35,,,1
90,00000000712415,SOUR BAGUETTE,2016-01-08,42.3,18.0,2.35,,,1
90,00000000712415,SOUR BAGUETTE,2016-01-09,58.75,25.0,2.35,,,1
90,00000000712415,SOUR BAGUETTE,2016-01-10,44.65,19.0,2.35,,,1
90,00000000712415,SOUR BAGUETTE,2016-01-11,61.1,26.0,2.35,,,1
90,00000000712415,SOUR BAGUETTE,2016-01-12,47.0,20.0,2.35,,,1
90,00000000712415,SOUR BAGUETTE,2016-01-13,18.8,8.0,2.35,,,1
90,00000000712415,SOUR BAGUETTE,2016-01-14,37.6,16.0,2.35,,,1
90,00000000712415,SOUR BAGUETTE,2016-01-15,54.05,23.0,2.35,,,1
90,00000000712415,SOUR BAGUETTE,2016-01-16,75.2,32.0,2.35,,,1
90,00000000712415,SOUR BAGUETTE,2016-01-17,54.05,23.0,2.35,,,1
90,00000000712415,SOUR BAGUETTE,2016-01-18,44.65,19.0,2.35,,,1
90,00000000712415,SOUR BAGUETTE,2016-01-19,44.65,19.0,2.35,,,1
90,00000000712415,SOUR BAGUETTE,2016-01-20,44.65,19.0,2.35,,,1
90,00000000712415,SOUR BAGUETTE,2016-01-21,44.65,19.0,2.35,,,1
90,00000000712415,SOUR BAGUETTE,2016-01-22,37.6,16.0,2.35,,,1
90,00000000712415,SOUR BAGUETTE,2016-01-23,47.0,20.0,2.35,,,1
90,00000000712415,SOUR BAGUETTE,2016-01-24,70.5,30.0,2.35,,,1
90,00000000712415,SOUR BAGUETTE,2016-01-25,51.7,22.0,2.35,,,1
90,00000000712415,SOUR BAGUETTE,2016-01-26,58.75,25.0,2.35,,,1
90,00000000712415,SOUR BAGUETTE,2016-01-27,37.6,16.0,2.35,,,1
90,00000000712415,SOUR BAGUETTE,2016-01-28,23.5,10.0,2.35,,,1
90,00000000712415,SOUR BAGUETTE,2016-01-29,39.95,17.0,2.35,,,1
90,00000000712415,SOUR BAGUETTE,2016-01-30,75.2,32.0,2.35,,,1
90,00000000712415,SOUR BAGUETTE,2016-01-31,54.05,23.0,2.35,,,1
90,00000000712415,SOUR BAGUETTE,2016-02-01,37.6,16.0,2.35,,,1
90,00000000712415,SOUR BAGUETTE,2016-02-02,49.35,21.0,2.35,,,1
90,00000000712415,SOUR BAGUETTE,2016-02-03,44.65,19.0,2.35,,,1
90,00000000712415,SOUR BAGUETTE,2016-02-04,63.45,27.0,2.35,,,1
90,00000000712415,SOUR BAGUETTE,2016-02-05,56.4,24.0,2.35,,,1
90,00000000712415,SOUR BAGUETTE,2016-02-06,21.15,9.0,2.35,,,1
90,00000000712415,SOUR BAGUETTE,2016-02-07,63.45,27.0,2.35,,,1
90,00000000712415,SOUR BAGUETTE,2016-02-08,79.9,34.0,2.35,,,1
90,00000000712415,SOUR BAGUETTE,2016-02-09,35.25,15.0,2.35,,,1
90,00000000712415,SOUR BAGUETTE,2016-02-10,49.35,21.0,2.35,,,1
90,00000000712415,SOUR BAGUETTE,2016-02-11,47.0,20.0,2.35,,,1
90,00000000712415,SOUR BAGUETTE,2016-02-12,37.6,16.0,2.35,,,1
90,00000000712415,SOUR BAGUETTE,2016-02-13,70.5,30.0,2.35,,,1
90,00000000712415,SOUR BAGUETTE,2016-02-14,61.1,26.0,2.35,,,1
90,00000000712415,SOUR BAGUETTE,2016-02-15,39.95,17.0,2.35,,,1
90,00000000712415,SOUR BAGUETTE,2016-02-16,42.3,18.0,2.35,,,1
90,00000000712415,SOUR BAGUETTE,2016-02-17,51.7,22.0,2.35,,,1
90,00000000712415,SOUR BAGUETTE,2016-02-18,35.25,15.0,2.35,,,1
90,00000000712415,SOUR BAGUETTE,2016-02-19,56.4,24.0,2.35,,,1
90,00000000712415,SOUR BAGUETTE,2016-02-20,61.1,26.0,2.35,,,1
90,00000000712415,SOUR BAGUETTE,2016-02-21,65.8,28.0,2.35,,,1
90,00000000712415,SOUR BAGUETTE,2016-02-22,47.0,20.0,2.35,,,1
90,00000000712415,SOUR BAGUETTE,2016-02-23,58.75,25.0,2.35,,,1
90,00000000712415,SOUR BAGUETTE,2016-02-24,37.6,16.0,2.35,,,1
90,00000000712415,SOUR BAGUETTE,2016-02-25,30.55,13.0,2.35,,,1
90,00000000712415,SOUR BAGUETTE,2016-02-26,56.4,24.0,2.35,,,1
90,00000000712415,SOUR BAGUETTE,2016-02-27,61.1,26.0,2.35,,,1
90,00000000712415,SOUR BAGUETTE,2016-02-28,68.15,29.0,2.35,,,1
90,00000000712415,SOUR BAGUETTE,2016-02-29,39.95,17.0,2.35,,,1
90,00000000712415,SOUR BAGUETTE,2016-03-01,44.65,19.0,2.35,,,1
90,00000000712415,SOUR BAGUETTE,2016-03-02,54.05,23.0,2.35,,,1
90,00000000712415,SOUR BAGUETTE,2016-03-03,32.9,14.0,2.35,,,1
90,00000000712415,SOUR BAGUETTE,2016-03-04,58.75,25.0,2.35,,,1
90,00000000712415,SOUR BAGUETTE,2016-03-05,54.05,23.0,2.35,,,1
90,00000000712415,SOUR BAGUETTE,2016-03-06,35.25,15.0,2.35,,,1
90,00000000712415,SOUR BAGUETTE,2016-03-07,54.05,23.0,2.35,,,1
90,00000000712415,SOUR BAGUETTE,2016-03-08,61.1,26.0,2.35,,,1
90,00000000712415,SOUR BAGUETTE,2016-03-09,47.0,20.0,2.35,,,1
90,00000000712415,SOUR BAGUETTE,2016-03-10,39.95,17.0,2.35,,,1
90,00000000712415,SOUR BAGUETTE,2016-03-11,63.45,27.0,2.35,,,1
90,00000000712415,SOUR BAGUETTE,2016-03-12,61.1,26.0,2.35,,,1
90,00000000712415,SOUR BAGUETTE,2016-03-13,72.85,31.0,2.35,,,1
90,00000000712415,SOUR BAGUETTE,2016-03-14,54.05,23.0,2.35,,,1
90,00000000712415,SOUR BAGUETTE,2016-03-15,47.0,20.0,2.35,,,1
90,00000000712415,SOUR BAGUETTE,2016-03-16,58.75,25.0,2.35,,,1
90,00000000712415,SOUR BAGUETTE,2016-03-17,30.55,13.0,2.35,,,1
90,00000000712415,SOUR BAGUETTE,2016-03-18,39.95,17.0,2.35,,,1
90,00000000712415,SOUR BAGUETTE,2016-03-19,58.75,25.0,2.35,,,1
90,00000000712415,SOUR BAGUETTE,2016-03-20,72.85,31.0,2.35,,,1
90,00000000712415,SOUR BAGUETTE,2016-03-21,58.75,25.0,2.35,,,1
90,00000000712415,SOUR BAGUETTE,2016-03-22,44.65,19.0,2.35,,,1
90,00000000712415,SOUR BAGUETTE,2016-03-23,51.7,22.0,2.35,,,1
90,00000000712415,SOUR BAGUETTE,2016-03-24,42.3,18.0,2.35,,,1
90,00000000712415,SOUR BAGUETTE,2016-03-25,65.8,28.0,2.35,,,1
90,00000000712415,SOUR BAGUETTE,2016-03-26,122.2,52.0,2.35,,,1
90,00000000712415,SOUR BAGUETTE,2016-03-27,70.5,30.0,2.35,,,1
90,00000000712415,SOUR BAGUETTE,2016-03-28,44.65,19.0,2.35,,,1
90,00000000712415,SOUR BAGUETTE,2016-03-29,44.65,19.0,2.35,,,1
90,00000000712415,SOUR BAGUETTE,2016-03-30,30.55,13.0,2.35,,,1
90,00000000712415,SOUR BAGUETTE,2016-03-31,32.9,14.0,2.35,,,1
90,00000000712415,SOUR BAGUETTE,2016-04-01,35.25,15.0,2.35,,,1
90,00000000712415,SOUR BAGUETTE,2016-04-02,63.45,27.0,2.35,,,1
90,00000000712415,SOUR BAGUETTE,2016-04-03,42.3,18.0,2.35,,,1
90,00000000712415,SOUR BAGUETTE,2016-04-04,37.6,16.0,2.35,,,1
90,00000000712415,SOUR BAGUETTE,2016-04-05,14.1,6.0,2.35,,,1
90,00000000712415,SOUR BAGUETTE,2016-04-06,30.55,13.0,2.35,,,1
90,00000000712415,SOUR BAGUETTE,2016-04-07,18.8,8.0,2.35,,,1
90,00000000712415,SOUR BAGUETTE,2016-04-08,35.25,15.0,2.35,,,1
90,00000000712415,SOUR BAGUETTE,2016-04-09,70.5,30.0,2.35,,,1
90,00000000712415,SOUR BAGUETTE,2016-04-10,49.35,21.0,2.35,,,1
90,00000000712415,SOUR BAGUETTE,2016-04-11,42.3,18.0,2.35,,,1
90,00000000712415,SOUR BAGUETTE,2016-04-12,39.95,17.0,2.35,,,1
90,00000000712415,SOUR BAGUETTE,2016-04-13,47.0,20.0,2.35,,,1
90,00000000712415,SOUR BAGUETTE,2016-04-14,63.45,27.0,2.35,,,1
90,00000000712415,SOUR BAGUETTE,2016-04-15,56.4,24.0,2.35,,,1
90,00000000712415,SOUR BAGUETTE,2016-04-16,58.75,25.0,2.35,,,1
90,00000000712415,SOUR BAGUETTE,2016-04-17,51.7,22.0,2.35,,,1
90,00000000712415,SOUR BAGUETTE,2016-04-18,65.8,28.0,2.35,,,1
90,00000000712415,SOUR BAGUETTE,2016-04-19,37.6,16.0,2.35,,,1
90,00000000712415,SOUR BAGUETTE,2016-04-20,59.8,20.0,2.99,,,1
90,00000000712415,SOUR BAGUETTE,2016-04-21,35.88,12.0,2.99,,,1
90,00000000712415,SOUR BAGUETTE,2016-04-22,68.77,23.0,2.99,,,1
90,00000000712415,SOUR BAGUETTE,2016-04-23,92.69,31.0,2.99,,,1
90,00000000712415,SOUR BAGUETTE,2016-04-24,68.77,23.0,2.99,,,1
90,00000000712415,SOUR BAGUETTE,2016-04-25,59.8,20.0,2.99,,,1
90,00000000712415,SOUR BAGUETTE,2016-04-26,50.83,17.0,2.99,,,1
90,00000000712415,SOUR BAGUETTE,2016-04-27,59.8,20.0,2.99,,,1
90,00000000712415,SOUR BAGUETTE,2016-04-28,38.87,13.0,2.99,,,1
90,00000000712415,SOUR BAGUETTE,2016-04-29,53.82,18.0,2.99,,,1
90,00000000712415,SOUR BAGUETTE,2016-04-30,89.7,30.0,2.99,,,1
90,00000000712415,SOUR BAGUETTE,2016-05-01,50.83,17.0,2.99,,,1
90,00000000712415,SOUR BAGUETTE,2016-05-02,47.84,16.0,2.99,,,1
90,00000000712415,SOUR BAGUETTE,2016-05-03,77.74,26.0,2.99,,,1
90,00000000712415,SOUR BAGUETTE,2016-05-04,50.83,17.0,2.99,,,1
90,00000000712415,SOUR BAGUETTE,2016-05-05,35.88,12.0,2.99,,,1
90,00000000712415,SOUR BAGUETTE,2016-05-06,47.84,16.0,2.99,,,1
90,00000000712415,SOUR BAGUETTE,2016-05-07,83.72,28.0,2.99,,,1
90,00000000712415,SOUR BAGUETTE,2016-05-08,77.74,26.0,2.99,,,1
90,00000000712415,SOUR BAGUETTE,2016-05-09,50.83,17.0,2.99,,,1
90,00000000712415,SOUR BAGUETTE,2016-05-10,29.9,10.0,2.99,,,1
90,00000000712415,SOUR BAGUETTE,2016-05-11,32.89,11.0,2.99,,,1
90,00000000712415,SOUR BAGUETTE,2016-05-12,62.79,21.0,2.99,,,1
90,00000000712415,SOUR BAGUETTE,2016-05-13,56.81,19.0,2.99,,,1
90,00000000712415,SOUR BAGUETTE,2016-05-14,86.71,29.0,2.99,,,1
90,00000000712415,SOUR BAGUETTE,2016-05-15,116.61,39.0,2.99,,,1
