DRG_90_00000000712415.csv
store_id,upc_code,item_name,date,amount,quantity,unit_price,category,size,msu
90,00000000712415,SOUR BAGUETTE,2017-12-11,50.83,17.0,2.99,,,1
90,00000000712415,SOUR BAGUETTE,2017-12-12,32.89,11.0,2.99,,,1
90,00000000712415,SOUR BAGUETTE,2017-12-13,38.87,13.0,2.99,,,1
90,00000000712415,SOUR BAGUETTE,2017-12-14,80.73,27.0,2.99,,,1
90,00000000712415,SOUR BAGUETTE,2017-12-15,65.78,22.0,2.99,,,1
90,00000000712415,SOUR BAGUETTE,2017-12-16,86.71,29.0,2.99,,,1
90,00000000712415,SOUR BAGUETTE,2017-12-17,83.72,28.0,2.99,,,1
90,00000000712415,SOUR BAGUETTE,2017-12-18,50.83,17.0,2.99,,,1
90,00000000712415,SOUR BAGUETTE,2017-12-19,56.81,19.0,2.99,,,1
90,00000000712415,SOUR BAGUETTE,2017-12-20,65.78,22.0,2.99,,,1
90,00000000712415,SOUR BAGUETTE,2017-12-21,56.81,19.0,2.99,,,1
90,00000000712415,SOUR BAGUETTE,2017-12-22,83.72,28.0,2.99,,,1
90,00000000712415,SOUR BAGUETTE,2017-12-23,242.19,81.0,2.99,,,1
90,00000000712415,SOUR BAGUETTE,2017-12-24,391.69,131.0,2.99,,,1
90,00000000712415,SOUR BAGUETTE,2017-12-26,68.77,23.0,2.99,,,1
90,00000000712415,SOUR BAGUETTE,2017-12-27,29.9,10.0,2.99,,,1
90,00000000712415,SOUR BAGUETTE,2017-12-28,26.91,9.0,2.99,,,1
90,00000000712415,SOUR BAGUETTE,2017-12-29,23.92,8.0,2.99,,,1
90,00000000712415,SOUR BAGUETTE,2017-12-30,53.82,18.0,2.99,,,1
90,00000000712415,SOUR BAGUETTE,2017-12-31,188.37,63.0,2.99,,,1
90,00000000712415,SOUR BAGUETTE,2018-01-02,41.86,14.0,2.99,,,1
90,00000000712415,SOUR BAGUETTE,2018-01-03,32.89,11.0,2.99,,,1
90,00000000712415,SOUR BAGUETTE,2018-01-04,44.85,15.0,2.99,,,1
90,00000000712415,SOUR BAGUETTE,2018-01-05,47.84,16.0,2.99,,,1
90,00000000712415,SOUR BAGUETTE,2018-01-06,62.79,21.0,2.99,,,1
90,00000000712415,SOUR BAGUETTE,2018-01-07,38.87,13.0,2.99,,,1
90,00000000712415,SOUR BAGUETTE,2018-01-08,47.84,16.0,2.99,,,1
90,00000000712415,SOUR BAGUETTE,2018-01-09,41.86,14.0,2.99,,,1
90,00000000712415,SOUR BAGUETTE,2018-01-10,38.87,13.0,2.99,,,1
90,00000000712415,SOUR BAGUETTE,2018-01-11,53.82,18.0,2.99,,,1
90,00000000712415,SOUR BAGUETTE,2018-01-12,32.89,11.0,2.99,,,1
90,00000000712415,SOUR BAGUETTE,2018-01-13,68.77,23.0,2.99,,,1
90,00000000712415,SOUR BAGUETTE,2018-01-14,47.84,16.0,2.99,,,1
90,00000000712415,SOUR BAGUETTE,2018-01-15,59.8,20.0,2.99,,,1
90,00000000712415,SOUR BAGUETTE,2018-01-16,44.85,15.0,2.99,,,1
90,00000000712415,SOUR BAGUETTE,2018-01-17,32.89,11.0,2.99,,,1
90,00000000712415,SOUR BAGUETTE,2018-01-18,29.9,10.0,2.99,,,1
90,00000000712415,SOUR BAGUETTE,2018-01-19,35.88,12.0,2.99,,,1
90,00000000712415,SOUR BAGUETTE,2018-01-20,65.78,22.0,2.99,,,1
90,00000000712415,SOUR BAGUETTE,2018-01-21,50.83,17.0,2.99,,,1
90,00000000712415,SOUR BAGUETTE,2018-01-22,38.87,13.0,2.99,,,1
90,00000000712415,SOUR BAGUETTE,2018-01-23,41.86,14.0,2.99,,,1
90,00000000712415,SOUR BAGUETTE,2018-01-24,20.93,7.0,2.99,,,1
90,00000000712415,SOUR BAGUETTE,2018-01-25,38.87,13.0,2.99,,,1
90,00000000712415,SOUR BAGUETTE,2018-01-26,41.86,14.0,2.99,,,1
90,00000000712415,SOUR BAGUETTE,2018-01-27,20.93,7.0,2.99,,,1
90,00000000712415,SOUR BAGUETTE,2018-01-28,59.8,20.0,2.99,,,1
90,00000000712415,SOUR BAGUETTE,2018-01-29,41.86,14.0,2.99,,,1
90,00000000712415,SOUR BAGUETTE,2018-01-30,44.85,15.0,2.99,,,1
90,00000000712415,SOUR BAGUETTE,2018-01-31,38.87,13.0,2.99,,,1
90,00000000712415,SOUR BAGUETTE,2018-02-01,26.91,9.0,2.99,,,1
90,00000000712415,SOUR BAGUETTE,2018-02-02,29.9,10.0,2.99,,,1
90,00000000712415,SOUR BAGUETTE,2018-02-03,53.82,18.0,2.99,,,1
90,00000000712415,SOUR BAGUETTE,2018-02-04,35.88,12.0,2.99,,,1
90,00000000712415,SOUR BAGUETTE,2018-02-05,29.9,10.0,2.99,,,1
90,00000000712415,SOUR BAGUETTE,2018-02-06,29.9,10.0,2.99,,,1
90,00000000712415,SOUR BAGUETTE,2018-02-07,56.81,19.0,2.99,,,1
90,00000000712415,SOUR BAGUETTE,2018-02-08,71.76,24.0,2.99,,,1
90,00000000712415,SOUR BAGUETTE,2018-02-09,23.92,8.0,2.99,,,1
90,00000000712415,SOUR BAGUETTE,2018-02-10,47.84,16.0,2.99,,,1
90,00000000712415,SOUR BAGUETTE,2018-02-11,92.69,31.0,2.99,,,1
90,00000000712415,SOUR BAGUETTE,2018-02-12,41.86,14.0,2.99,,,1
90,00000000712415,SOUR BAGUETTE,2018-02-13,53.82,18.0,2.99,,,1
90,00000000712415,SOUR BAGUETTE,2018-02-14,32.89,11.0,2.99,,,1
90,00000000712415,SOUR BAGUETTE,2018-02-15,20.93,7.0,2.99,,,1
90,00000000712415,SOUR BAGUETTE,2018-02-16,56.81,19.0,2.99,,,1
90,00000000712415,SOUR BAGUETTE,2018-02-17,50.83,17.0,2.99,,,1
90,00000000712415,SOUR BAGUETTE,2018-02-18,41.86,14.0,2.99,,,1
90,00000000712415,SOUR BAGUETTE,2018-02-19,29.9,10.0,2.99,,,1
90,00000000712415,SOUR BAGUETTE,2018-02-20,17.94,6.0,2.99,,,1
90,00000000712415,SOUR BAGUETTE,2018-02-21,32.89,11.0,2.99,,,1
90,00000000712415,SOUR BAGUETTE,2018-02-22,47.84,16.0,2.99,,,1
90,00000000712415,SOUR BAGUETTE,2018-02-23,47.84,16.0,2.99,,,1
90,00000000712415,SOUR BAGUETTE,2018-02-24,95.68,32.0,2.99,,,1
90,00000000712415,SOUR BAGUETTE,2018-02-25,110.63,37.0,2.99,,,1
90,00000000712415,SOUR BAGUETTE,2018-02-26,53.82,18.0,2.99,,,1
90,00000000712415,SOUR BAGUETTE,2018-02-27,26.91,9.0,2.99,,,1
90,00000000712415,SOUR BAGUETTE,2018-03-01,65.78,22.0,2.99,,,1
90,00000000712415,SOUR BAGUETTE,2018-03-02,38.87,13.0,2.99,,,1
90,00000000712415,SOUR BAGUETTE,2018-03-03,50.83,17.0,2.99,,,1
90,00000000712415,SOUR BAGUETTE,2018-03-04,59.8,20.0,2.99,,,1
90,00000000712415,SOUR BAGUETTE,2018-03-05,47.84,16.0,2.99,,,1
90,00000000712415,SOUR BAGUETTE,2018-03-06,14.95,5.0,2.99,,,1
90,00000000712415,SOUR BAGUETTE,2018-03-07,26.91,9.0,2.99,,,1
90,00000000712415,SOUR BAGUETTE,2018-03-08,41.86,14.0,2.99,,,1
90,00000000712415,SOUR BAGUETTE,2018-03-09,44.85,15.0,2.99,,,1
90,00000000712415,SOUR BAGUETTE,2018-03-10,41.86,14.0,2.99,,,1
90,00000000712415,SOUR BAGUETTE,2018-03-11,56.81,19.0,2.99,,,1
90,00000000712415,SOUR BAGUETTE,2018-03-12,44.85,15.0,2.99,,,1
90,00000000712415,SOUR BAGUETTE,2018-03-13,23.92,8.0,2.99,,,1
90,00000000712415,SOUR BAGUETTE,2018-03-14,20.93,7.0,2.99,,,1
90,00000000712415,SOUR BAGUETTE,2018-03-15,32.89,11.0,2.99,,,1
90,00000000712415,SOUR BAGUETTE,2018-03-16,32.89,11.0,2.99,,,1
90,00000000712415,SOUR BAGUETTE,2018-03-17,23.92,8.0,2.99,,,1
90,00000000712415,SOUR BAGUETTE,2018-03-18,35.88,12.0,2.99,,,1
90,00000000712415,SOUR BAGUETTE,2018-03-19,20.93,7.0,2.99,,,1
90,00000000712415,SOUR BAGUETTE,2018-03-20,41.86,14.0,2.99,,,1
90,00000000712415,SOUR BAGUETTE,2018-03-21,38.87,13.0,2.99,,,1
90,00000000712415,SOUR BAGUETTE,2018-03-22,53.82,18.0,2.99,,,1
90,00000000712415,SOUR BAGUETTE,2018-03-23,62.79,21.0,2.99,,,1
90,00000000712415,SOUR BAGUETTE,2018-03-24,65.78,22.0,2.99,,,1
90,00000000712415,SOUR BAGUETTE,2018-03-25,35.88,12.0,2.99,,,1
90,00000000712415,SOUR BAGUETTE,2018-03-26,59.8,20.0,2.99,,,1
90,00000000712415,SOUR BAGUETTE,2018-03-27,20.93,7.0,2.99,,,1
90,00000000712415,SOUR BAGUETTE,2018-03-28,44.85,15.0,2.99,,,1
90,00000000712415,SOUR BAGUETTE,2018-03-29,26.91,9.0,2.99,,,1
90,00000000712415,SOUR BAGUETTE,2018-03-30,32.89,11.0,2.99,,,1
90,00000000712415,SOUR BAGUETTE,2018-03-31,80.73,27.0,2.99,,,1
90,00000000712415,SOUR BAGUETTE,2018-04-01,83.72,28.0,2.99,,,1
90,00000000712415,SOUR BAGUETTE,2018-04-03,20.93,7.0,2.99,,,1
90,00000000712415,SOUR BAGUETTE,2018-04-04,17.94,6.0,2.99,,,1
90,00000000712415,SOUR BAGUETTE,2018-04-05,23.92,8.0,2.99,,,1
90,00000000712415,SOUR BAGUETTE,2018-04-06,17.94,6.0,2.99,,,1
90,00000000712415,SOUR BAGUETTE,2018-04-07,26.91,9.0,2.99,,,1
90,00000000712415,SOUR BAGUETTE,2018-04-08,20.93,7.0,2.99,,,1
90,00000000712415,SOUR BAGUETTE,2018-04-09,35.88,12.0,2.99,,,1
90,00000000712415,SOUR BAGUETTE,2018-04-10,11.96,4.0,2.99,,,1
90,00000000712415,SOUR BAGUETTE,2018-04-11,17.94,6.0,2.99,,,1
90,00000000712415,SOUR BAGUETTE,2018-04-12,14.95,5.0,2.99,,,1
90,00000000712415,SOUR BAGUETTE,2018-04-13,8.97,3.0,2.99,,,1
90,00000000712415,SOUR BAGUETTE,2018-04-14,23.92,8.0,2.99,,,1
90,00000000712415,SOUR BAGUETTE,2018-04-15,26.91,9.0,2.99,,,1
90,00000000712415,SOUR BAGUETTE,2018-04-16,35.88,12.0,2.99,,,1
90,00000000712415,SOUR BAGUETTE,2018-04-17,20.93,7.0,2.99,,,1
90,00000000712415,SOUR BAGUETTE,2018-04-18,26.91,9.0,2.99,,,1
90,00000000712415,SOUR BAGUETTE,2018-04-19,23.92,8.0,2.99,,,1
90,00000000712415,SOUR BAGUETTE,2018-04-20,29.9,10.0,2.99,,,1
90,00000000712415,SOUR BAGUETTE,2018-04-21,59.8,20.0,2.99,,,1
90,00000000712415,SOUR BAGUETTE,2018-04-22,38.87,13.0,2.99,,,1
90,00000000712415,SOUR BAGUETTE,2018-04-23,35.88,12.0,2.99,,,1
90,00000000712415,SOUR BAGUETTE,2018-04-24,47.84,16.0,2.99,,,1
90,00000000712415,SOUR BAGUETTE,2018-04-25,26.91,9.0,2.99,,,1
90,00000000712415,SOUR BAGUETTE,2018-04-26,32.89,11.0,2.99,,,1
90,00000000712415,SOUR BAGUETTE,2018-04-27,23.92,8.0,2.99,,,1
90,00000000712415,SOUR BAGUETTE,2018-04-28,47.84,16.0,2.99,,,1
90,00000000712415,SOUR BAGUETTE,2018-04-29,29.9,10.0,2.99,,,1
90,00000000712415,SOUR BAGUETTE,2018-04-30,20.93,7.0,2.99,,,1
90,00000000712415,SOUR BAGUETTE,2018-05-01,41.86,14.0,2.99,,,1
90,00000000712415,SOUR BAGUETTE,2018-05-02,14.95,5.0,2.99,,,1
90,00000000712415,SOUR BAGUETTE,2018-05-03,29.9,10.0,2.99,,,1
90,00000000712415,SOUR BAGUETTE,2018-05-04,50.83,17.0,2.99,,,1
90,00000000712415,SOUR BAGUETTE,2018-05-05,14.95,5.0,2.99,,,1
90,00000000712415,SOUR BAGUETTE,2018-05-06,68.77,23.0,2.99,,,1
90,00000000712415,SOUR BAGUETTE,2018-05-07,56.81,19.0,2.99,,,1
90,00000000712415,SOUR BAGUETTE,2018-05-08,35.88,12.0,2.99,,,1
90,00000000712415,SOUR BAGUETTE,2018-05-09,41.86,14.0,2.99,,,1
90,00000000712415,SOUR BAGUETTE,2018-05-10,14.95,5.0,2.99,,,1
90,00000000712415,SOUR BAGUETTE,2018-05-11,29.9,10.0,2.99,,,1
90,00000000712415,SOUR BAGUETTE,2018-05-12,59.8,20.0,2.99,,,1
90,00000000712415,SOUR BAGUETTE,2018-05-13,50.83,17.0,2.99,,,1
90,00000000712415,SOUR BAGUETTE,2018-05-14,29.9,10.0,2.99,,,1
90,00000000712415,SOUR BAGUETTE,2018-05-15,26.91,9.0,2.99,,,1
90,00000000712415,SOUR BAGUETTE,2018-05-16,44.85,15.0,2.99,,,1
90,00000000712415,SOUR BAGUETTE,2018-05-17,38.87,13.0,2.99,,,1
90,00000000712415,SOUR BAGUETTE,2018-05-18,38.87,13.0,2.99,,,1
90,00000000712415,SOUR BAGUETTE,2018-05-19,41.86,14.0,2.99,,,1
90,00000000712415,SOUR BAGUETTE,2018-05-20,35.88,12.0,2.99,,,1
90,00000000712415,SOUR BAGUETTE,2018-05-21,50.83,17.0,2.99,,,1
90,00000000712415,SOUR BAGUETTE,2018-05-22,47.84,16.0,2.99,,,1
90,00000000712415,SOUR BAGUETTE,2018-05-23,23.92,8.0,2.99,,,1
90,00000000712415,SOUR BAGUETTE,2018-05-24,68.77,23.0,2.99,,,1
90,00000000712415,SOUR BAGUETTE,2018-05-25,44.85,15.0,2.99,,,1
90,00000000712415,SOUR BAGUETTE,2018-05-26,59.8,20.0,2.99,,,1
90,00000000712415,SOUR BAGUETTE,2018-05-27,47.84,16.0,2.99,,,1
90,00000000712415,SOUR BAGUETTE,2018-05-28,38.87,13.0,2.99,,,1
90,00000000712415,SOUR BAGUETTE,2018-05-29,32.89,11.0,2.99,,,1
90,00000000712415,SOUR BAGUETTE,2018-05-30,23.92,8.0,2.99,,,1
90,00000000712415,SOUR BAGUETTE,2018-05-31,41.86,14.0,2.99,,,1
90,00000000712415,SOUR BAGUETTE,2018-06-01,32.89,11.0,2.99,,,1
90,00000000712415,SOUR BAGUETTE,2018-06-02,59.8,20.0,2.99,,,1
90,00000000712415,SOUR BAGUETTE,2018-06-03,77.74,26.0,2.99,,,1
90,00000000712415,SOUR BAGUETTE,2018-06-04,44.85,15.0,2.99,,,1
90,00000000712415,SOUR BAGUETTE,2018-06-05,26.91,9.0,2.99,,,1
90,00000000712415,SOUR BAGUETTE,2018-06-06,62.79,21.0,2.99,,,1
90,00000000712415,SOUR BAGUETTE,2018-06-07,38.87,13.0,2.99,,,1
90,00000000712415,SOUR BAGUETTE,2018-06-08,26.91,9.0,2.99,,,1
90,00000000712415,SOUR BAGUETTE,2018-06-09,47.84,16.0,2.99,,,1
90,00000000712415,SOUR BAGUETTE,2018-06-10,53.82,18.0,2.99,,,1
90,00000000712415,SOUR BAGUETTE,2018-06-11,26.91,9.0,2.99,,,1
90,00000000712415,SOUR BAGUETTE,2018-06-12,32.89,11.0,2.99,,,1
90,00000000712415,SOUR BAGUETTE,2018-06-13,17.94,6.0,2.99,,,1
90,00000000712415,SOUR BAGUETTE,2018-06-14,35.88,12.0,2.99,,,1
90,00000000712415,SOUR BAGUETTE,2018-06-15,26.91,9.0,2.99,,,1
90,00000000712415,SOUR BAGUETTE,2018-06-16,53.82,18.0,2.99,,,1
90,00000000712415,SOUR BAGUETTE,2018-06-17,41.86,14.0,2.99,,,1
90,00000000712415,SOUR BAGUETTE,2018-06-18,44.85,15.0,2.99,,,1
90,00000000712415,SOUR BAGUETTE,2018-06-19,35.88,12.0,2.99,,,1
90,00000000712415,SOUR BAGUETTE,2018-06-20,47.84,16.0,2.99,,,1
90,00000000712415,SOUR BAGUETTE,2018-06-21,26.91,9.0,2.99,,,1
90,00000000712415,SOUR BAGUETTE,2018-06-22,23.92,8.0,2.99,,,1
90,00000000712415,SOUR BAGUETTE,2018-06-23,23.92,8.0,2.99,,,1
90,00000000712415,SOUR BAGUETTE,2018-06-24,65.78,22.0,2.99,,,1
90,00000000712415,SOUR BAGUETTE,2018-06-25,23.92,8.0,2.99,,,1
90,00000000712415,SOUR BAGUETTE,2018-06-26,23.92,8.0,2.99,,,1
90,00000000712415,SOUR BAGUETTE,2018-06-27,47.84,16.0,2.99,,,1
90,00000000712415,SOUR BAGUETTE,2018-06-28,14.95,5.0,2.99,,,1
90,00000000712415,SOUR BAGUETTE,2018-06-29,29.9,10.0,2.99,,,1
90,00000000712415,SOUR BAGUETTE,2018-06-30,35.88,12.0,2.99,,,1
90,00000000712415,SOUR BAGUETTE,2018-07-01,11.96,4.0,2.99,,,1
90,00000000712415,SOUR BAGUETTE,2018-07-02,17.94,6.0,2.99,,,1
90,00000000712415,SOUR BAGUETTE,2018-07-03,17.94,6.0,2.99,,,1
90,00000000712415,SOUR BAGUETTE,2018-07-04,26.91,9.0,2.99,,,1
90,00000000712415,SOUR BAGUETTE,2018-07-05,14.95,5.0,2.99,,,1
90,00000000712415,SOUR BAGUETTE,2018-07-06,44.85,15.0,2.99,,,1
90,00000000712415,SOUR BAGUETTE,2018-07-07,71.76,24.0,2.99,,,1
90,00000000712415,SOUR BAGUETTE,2018-07-08,47.84,16.0,2.99,,,1
90,00000000712415,SOUR BAGUETTE,2018-07-09,29.9,10.0,2.99,,,1
90,00000000712415,SOUR BAGUETTE,2018-07-10,17.94,6.0,2.99,,,1
90,00000000712415,SOUR BAGUETTE,2018-07-11,35.88,12.0,2.99,,,1
90,00000000712415,SOUR BAGUETTE,2018-07-12,44.85,15.0,2.99,,,1
90,00000000712415,SOUR BAGUETTE,2018-07-13,20.93,7.0,2.99,,,1
90,00000000712415,SOUR BAGUETTE,2018-07-14,50.83,17.0,2.99,,,1
90,00000000712415,SOUR BAGUETTE,2018-07-15,59.8,20.0,2.99,,,1
90,00000000712415,SOUR BAGUETTE,2018-07-16,23.92,8.0,2.99,,,1
90,00000000712415,SOUR BAGUETTE,2018-07-17,38.87,13.0,2.99,,,1
90,00000000712415,SOUR BAGUETTE,2018-07-18,35.88,12.0,2.99,,,1
90,00000000712415,SOUR BAGUETTE,2018-07-19,17.94,6.0,2.99,,,1
90,00000000712415,SOUR BAGUETTE,2018-07-20,23.92,8.0,2.99,,,1
90,00000000712415,SOUR BAGUETTE,2018-07-21,29.9,10.0,2.99,,,1
90,00000000712415,SOUR BAGUETTE,2018-07-22,32.89,11.0,2.99,,,1
90,00000000712415,SOUR BAGUETTE,2018-07-23,11.96,4.0,2.99,,,1
90,00000000712415,SOUR BAGUETTE,2018-07-24,35.88,12.0,2.99,,,1
90,00000000712415,SOUR BAGUETTE,2018-07-25,20.93,7.0,2.99,,,1
90,00000000712415,SOUR BAGUETTE,2018-07-26,32.89,11.0,2.99,,,1
90,00000000712415,SOUR BAGUETTE,2018-07-27,35.88,12.0,2.99,,,1
90,00000000712415,SOUR BAGUETTE,2018-07-28,14.95,5.0,2.99,,,1
90,00000000712415,SOUR BAGUETTE,2018-07-29,38.87,13.0,2.99,,,1
90,00000000712415,SOUR BAGUETTE,2018-07-30,23.92,8.0,2.99,,,1
90,00000000712415,SOUR BAGUETTE,2018-07-31,26.91,9.0,2.99,,,1
90,00000000712415,SOUR BAGUETTE,2018-08-01,29.9,10.0,2.99,,,1
90,00000000712415,SOUR BAGUETTE,2018-08-02,29.9,10.0,2.99,,,1
90,00000000712415,SOUR BAGUETTE,2018-08-03,38.87,13.0,2.99,,,1
90,00000000712415,SOUR BAGUETTE,2018-08-04,59.8,20.0,2.99,,,1
90,00000000712415,SOUR BAGUETTE,2018-08-05,38.87,13.0,2.99,,,1
90,00000000712415,SOUR BAGUETTE,2018-08-06,32.89,11.0,2.99,,,1
90,00000000712415,SOUR BAGUETTE,2018-08-07,47.84,16.0,2.99,,,1
90,00000000712415,SOUR BAGUETTE,2018-08-08,23.92,8.0,2.99,,,1
90,00000000712415,SOUR BAGUETTE,2018-08-09,23.92,8.0,2.99,,,1
90,00000000712415,SOUR BAGUETTE,2018-08-10,29.9,10.0,2.99,,,1
90,00000000712415,SOUR BAGUETTE,2018-08-11,35.88,12.0,2.99,,,1
90,00000000712415,SOUR BAGUETTE,2018-08-12,50.83,17.0,2.99,,,1
90,00000000712415,SOUR BAGUETTE,2018-08-13,47.84,16.0,2.99,,,1
90,00000000712415,SOUR BAGUETTE,2018-08-14,53.82,18.0,2.99,,,1
90,00000000712415,SOUR BAGUETTE,2018-08-15,35.88,12.0,2.99,,,1
90,00000000712415,SOUR BAGUETTE,2018-08-16,14.95,5.0,2.99,,,1
90,00000000712415,SOUR BAGUETTE,2018-08-17,8.97,3.0,2.99,,,1
90,00000000712415,SOUR BAGUETTE,2018-08-18,68.77,23.0,2.99,,,1
90,00000000712415,SOUR BAGUETTE,2018-08-19,56.81,19.0,2.99,,,1
90,00000000712415,SOUR BAGUETTE,2018-08-20,62.79,21.0,2.99,,,1
90,00000000712415,SOUR BAGUETTE,2018-08-21,41.86,14.0,2.99,,,1
90,00000000712415,SOUR BAGUETTE,2018-08-22,29.9,10.0,2.99,,,1
90,00000000712415,SOUR BAGUETTE,2018-08-23,23.92,8.0,2.99,,,1
90,00000000712415,SOUR BAGUETTE,2018-08-24,41.86,14.0,2.99,,,1
90,00000000712415,SOUR BAGUETTE,2018-08-25,56.81,19.0,2.99,,,1
90,00000000712415,SOUR BAGUETTE,2018-08-26,26.91,9.0,2.99,,,1
90,00000000712415,SOUR BAGUETTE,2018-08-27,47.84,16.0,2.99,,,1
90,00000000712415,SOUR BAGUETTE,2018-08-28,47.84,16.0,2.99,,,1
90,00000000712415,SOUR BAGUETTE,2018-08-29,26.0,8.0,3.25,,,1
90,00000000712415,SOUR BAGUETTE,2018-08-30,26.0,8.0,3.25,,,1
90,00000000712415,SOUR BAGUETTE,2018-08-31,35.75,11.0,3.25,,,1
90,00000000712415,SOUR BAGUETTE,2018-09-01,68.25,21.0,3.25,,,1
90,00000000712415,SOUR BAGUETTE,2018-09-02,42.25,13.0,3.25,,,1
90,00000000712415,SOUR BAGUETTE,2018-09-03,45.5,14.0,3.25,,,1
90,00000000712415,SOUR BAGUETTE,2018-09-04,48.75,15.0,3.25,,,1
90,00000000712415,SOUR BAGUETTE,2018-09-05,45.5,14.0,3.25,,,1
90,00000000712415,SOUR BAGUETTE,2018-09-06,13.0,4.0,3.25,,,1
90,00000000712415,SOUR BAGUETTE,2018-09-07,29.25,9.0,3.25,,,1
90,00000000712415,SOUR BAGUETTE,2018-09-08,29.25,9.0,3.25,,,1
90,00000000712415,SOUR BAGUETTE,2018-09-09,58.5,18.0,3.25,,,1
90,00000000712415,SOUR BAGUETTE,2018-09-10,29.25,9.0,3.25,,,1
90,00000000712415,SOUR BAGUETTE,2018-09-11,42.25,13.0,3.25,,,1
90,00000000712415,SOUR BAGUETTE,2018-09-12,35.75,11.0,3.25,,,1
90,00000000712415,SOUR BAGUETTE,2018-09-13,26.0,8.0,3.25,,,1
90,00000000712415,SOUR BAGUETTE,2018-09-14,58.5,18.0,3.25,,,1
90,00000000712415,SOUR BAGUETTE,2018-09-15,45.5,14.0,3.25,,,1
90,00000000712415,SOUR BAGUETTE,2018-09-16,61.75,19.0,3.25,,,1
90,00000000712415,SOUR BAGUETTE,2018-09-17,35.75,11.0,3.25,,,1
90,00000000712415,SOUR BAGUETTE,2018-09-18,48.75,15.0,3.25,,,1
90,00000000712415,SOUR BAGUETTE,2018-09-19,35.75,11.0,3.25,,,1
90,00000000712415,SOUR BAGUETTE,2018-09-20,52.0,16.0,3.25,,,1
90,00000000712415,SOUR BAGUETTE,2018-09-21,32.5,10.0,3.25,,,1
90,00000000712415,SOUR BAGUETTE,2018-09-22,45.5,14.0,3.25,,,1
90,00000000712415,SOUR BAGUETTE,2018-09-23,48.75,15.0,3.25,,,1
90,00000000712415,SOUR BAGUETTE,2018-09-24,45.5,14.0,3.25,,,1
90,00000000712415,SOUR BAGUETTE,2018-09-25,48.75,15.0,3.25,,,1
